🧪 Début de l'exécution des tests magasin

================================================================================

[1/11] 🔍 Test: magasin.validation.test.ts
--------------------------------------------------------------------------------
✅ PASS - 0/0 tests réussis

[2/11] 🔍 Test: magasin.schema.test.ts
--------------------------------------------------------------------------------
✅ PASS - 0/0 tests réussis

[3/11] 🔍 Test: magasin.validators-advanced.test.ts
--------------------------------------------------------------------------------
✅ PASS - 0/0 tests réussis

[4/11] 🔍 Test: magasin.test.ts
--------------------------------------------------------------------------------
❌ ERROR - Échec de l'exécution
